<?xml version='1.0' encoding='UTF-8'?>
<results>
  <rooms_with_biggest_age_difference>
    <row>
      <column>Room #875</column>
      <column>116.0</column>
    </row>
    <row>
      <column>Room #918</column>
      <column>115.0</column>
    </row>
    <row>
      <column>Room #712</column>
      <column>115.0</column>
    </row>
    <row>
      <column>Room #213</column>
      <column>115.0</column>
    </row>
    <row>
      <column>Room #395</column>
      <column>115.0</column>
    </row>
  </rooms_with_biggest_age_difference>
  <rooms_with_smallest_avg_age>
    <row>
      <column>Room #661</column>
      <column>12.0</column>
    </row>
    <row>
      <column>Room #913</column>
      <column>20.0</column>
    </row>
    <row>
      <column>Room #111</column>
      <column>32.0</column>
    </row>
    <row>
      <column>Room #957</column>
      <column>33.0</column>
    </row>
    <row>
      <column>Room #773</column>
      <column>35.0</column>
    </row>
  </rooms_with_smallest_avg_age>
</results>
